components/app/accountant/AccountantPanelShared.tsx(67,22): error TS2304: Cannot find name 'RecentVoucher'.
components/app/accountant/AccountantPanelShared.tsx(89,26): error TS2304: Cannot find name 'RecentVoucher'.
components/app/accountant/AccountantPanelShared.tsx(1009,55): error TS7053: Element implicitly has an 'any' type because expression of type 'any' can't be used to index type 'Record<StatusType, ElementType<any, keyof IntrinsicElements>>'.
components/app/accountant/AccountantPanelShared.tsx(1031,194): error TS7053: Element implicitly has an 'any' type because expression of type 'any' can't be used to index type 'Record<StatusType, string>'.
components/app/accountant/LedgerClientShared.tsx(651,48): error TS2304: Cannot find name 'superAdminNav'.
components/app/accountant/LedgerClientShared.tsx(651,64): error TS2304: Cannot find name 'accountantNav'.
components/app/accountant/LedgerCompanyShared.tsx(650,48): error TS2304: Cannot find name 'superAdminNav'.
components/app/accountant/LedgerCompanyShared.tsx(650,64): error TS2304: Cannot find name 'accountantNav'.
components/app/accountant/LedgerMainShared.tsx(619,48): error TS2304: Cannot find name 'superAdminNav'.
components/app/accountant/LedgerMainShared.tsx(619,64): error TS2304: Cannot find name 'accountantNav'.
components/app/accountant/LedgerSystemShared.tsx(401,48): error TS2304: Cannot find name 'superAdminNav'.
components/app/accountant/LedgerSystemShared.tsx(401,64): error TS2304: Cannot find name 'accountantNav'.
components/app/accountant/VoucherCashVoucherShared.tsx(6,48): error TS2304: Cannot find name 'superAdminNav'.
components/app/accountant/VoucherCashVoucherShared.tsx(6,64): error TS2304: Cannot find name 'accountantNav'.
components/app/accountant/VoucherChequeVoucherShared.tsx(5,48): error TS2304: Cannot find name 'superAdminNav'.
components/app/accountant/VoucherChequeVoucherShared.tsx(5,64): error TS2304: Cannot find name 'accountantNav'.
